<html>
<body>
<pre>
<h1>µVision Build Log</h1>
<h2>Tool Versions:</h2>
IDE-Version: ¦ÌVision V5.25.2.0
Copyright (C) 2018 ARM Ltd and ARM Germany GmbH. All rights reserved.
License Information: pan Microsoft, Microsoft, LIC=GMZJJ-UG2YB-MMU9I-TQJGI-S64JE-VLQHH
 
Tool Versions:
Toolchain:       MDK-ARM Plus  Version: 5.25.2.0
Toolchain Path:  E:\keil_MDK\ARM\ARMCC\Bin
C Compiler:      Armcc.exe V5.06 update 6 (build 750)
Assembler:       Armasm.exe V5.06 update 6 (build 750)
Linker/Locator:  ArmLink.exe V5.06 update 6 (build 750)
Library Manager: ArmAr.exe V5.06 update 6 (build 750)
Hex Converter:   FromElf.exe V5.06 update 6 (build 750)
CPU DLL:         SARMCM3.DLL V5.25.2.0
Dialog DLL:      DCM.DLL V1.17.1.0
Target DLL:      STLink\ST-LINKIII-KEIL_SWO.dll V3.0.1.0
Dialog DLL:      TCM.DLL V1.35.1.0
 
<h2>Project:</h2>
H:\chen_xu_dai_ma\stm32³ÌÐò\TFT_lcd\stm³ÌÐò.uvprojx
Project File Date:  06/16/2019

<h2>Output:</h2>
*** Using Compiler 'V5.06 update 6 (build 750)', folder: 'E:\keil_MDK\ARM\ARMCC\Bin'
Rebuild target 'Target 1'
assembling startup_stm32f10x_hd.s...
compiling core_cm3.c...
compiling main.c...
compiling system_stm32f10x.c...
compiling stm32f10x_it.c...
compiling stm32f10x_gpio.c...
compiling misc.c...
compiling stm32f10x_rcc.c...
compiling led.c...
compiling stm32f10x_rtc.c...
compiling stm32f10x_usart.c...
compiling stm32f10x_fsmc.c...
compiling usart.c...
compiling tftlcd.c...
App\tftlcd\tftlcd.c(563): warning:  #177-D: variable "i"  was declared but never referenced
  	u16 i;
App\tftlcd\tftlcd.c(2165): warning:  #111-D: statement is unreachable
   	return r;						
App\tftlcd\tftlcd.c(2063): warning:  #177-D: variable "r1"  was declared but never referenced
  	u16 r1,r2,r3;
App\tftlcd\tftlcd.c(2063): warning:  #177-D: variable "r2"  was declared but never referenced
  	u16 r1,r2,r3;
App\tftlcd\tftlcd.c(2063): warning:  #177-D: variable "r3"  was declared but never referenced
  	u16 r1,r2,r3;
App\tftlcd\tftlcd.c: 5 warnings, 0 errors
compiling system.c...
linking...
Program Size: Code=6208 RO-data=7480 RW-data=44 ZI-data=1028  
FromELF: creating hex file...
".\Objects\stm³ÌÐò.axf" - 0 Error(s), 5 Warning(s).

<h2>Software Packages used:</h2>

Package Vendor: Keil
                http://www.keil.com/pack/Keil.STM32F1xx_DFP.2.3.0.pack
                Keil.STM32F1xx_DFP.2.3.0
                STMicroelectronics STM32F1 Series Device Support, Drivers and Examples

<h2>Collection of Component include folders:</h2>
  .\RTE\_Target_1
  E:\keil_MDK\ARM\PACK\Keil\STM32F1xx_DFP\2.3.0\Device\Include

<h2>Collection of Component Files used:</h2>
Build Time Elapsed:  00:00:05
</pre>
</body>
</html>
